#-----------------------------------------------------------
# Vivado v2018.2 (64-bit)
# SW Build 2258646 on Thu Jun 14 20:03:12 MDT 2018
# IP Build 2256618 on Thu Jun 14 22:10:49 MDT 2018
# Start of session at: Fri Apr 10 18:49:03 2026
# Process ID: 3116
# Current directory: C:/Users/Jun Yi/Desktop/project_FDP_final
# Command line: vivado.exe -gui_launcher_event rodinguilauncherevent12604 C:\Users\Jun Yi\Desktop\project_FDP_final\project_FDP_final.xpr
# Log file: C:/Users/Jun Yi/Desktop/project_FDP_final/vivado.log
# Journal file: C:/Users/Jun Yi/Desktop/project_FDP_final\vivado.jou
#-----------------------------------------------------------
start_gui
open_project {C:/Users/Jun Yi/Desktop/project_FDP_final/project_FDP_final.xpr}
Scanning sources...
Finished scanning sources
INFO: [IP_Flow 19-234] Refreshing IP repositories
INFO: [IP_Flow 19-1704] No user IP repositories specified
INFO: [IP_Flow 19-2313] Loaded Vivado IP repository 'C:/Xilinx/Vivado/2018.2/data/ip'.
open_project: Time (s): cpu = 00:00:20 ; elapsed = 00:00:10 . Memory (MB): peak = 861.543 ; gain = 96.527
update_compile_order -fileset sources_1
reset_run synth_1
launch_runs impl_1 -to_step write_bitstream -jobs 16
[Fri Apr 10 18:52:55 2026] Launched synth_1...
Run output will be captured here: C:/Users/Jun Yi/Desktop/project_FDP_final/project_FDP_final.runs/synth_1/runme.log
[Fri Apr 10 18:52:55 2026] Launched impl_1...
Run output will be captured here: C:/Users/Jun Yi/Desktop/project_FDP_final/project_FDP_final.runs/impl_1/runme.log
archive_project {C:/Users/Jun Yi/Desktop/S6_04_v2.xpr.zip} -temp_dir {C:/Users/Jun Yi/Desktop/project_FDP_final/.Xil/Vivado-3116-DESKTOP-UA3OGHR} -force -include_local_ip_cache -include_config_settings
INFO: [Coretcl 2-137] starting archive...
INFO: [Coretcl 2-1499] Saving project copy to temporary location 'C:/Users/Jun Yi/Desktop/project_FDP_final/.Xil/Vivado-3116-DESKTOP-UA3OGHR' for archiving project
Scanning sources...
Finished scanning sources
INFO: [IP_Flow 19-234] Refreshing IP repositories
INFO: [IP_Flow 19-1704] No user IP repositories specified
INFO: [IP_Flow 19-2313] Loaded Vivado IP repository 'C:/Xilinx/Vivado/2018.2/data/ip'.
INFO: [Coretcl 2-1211] Creating project copy for archival...
INFO: [ProjectBase 1-495] The host OS only allows 260 characters in a normal path. The project is stored in a path with more than 80 characters. If you experience any problem with archiving the project, please consider setting environment variable $TEMP to a shorter path.
Current project path is 'C:/Users/Jun Yi/Desktop/project_FDP_final/.Xil/Vivado-3116-DESKTOP-UA3OGHR/PrjAr/_X_'.
INFO: [Coretcl 2-1213] Including run results for 'synth_1'
INFO: [Coretcl 2-1213] Including run results for 'blk_mem_gen_const_synth_1'
INFO: [Coretcl 2-1213] Including run results for 'blk_mem_gen_img_synth_1'
INFO: [Coretcl 2-1213] Including run results for 'impl_1'
INFO: [Coretcl 2-133] re-setting run 'blk_mem_gen_const_impl_1'...
INFO: [Coretcl 2-133] re-setting run 'blk_mem_gen_img_impl_1'...
INFO: [Coretcl 2-1212] Importing remotely added design sources and verilog include files (if any)...
INFO: [filemgmt 20-334] All file(s) are already imported in fileset: 'blk_mem_gen_const'
INFO: [filemgmt 20-348] Importing the appropriate files for fileset: 'blk_mem_gen_const'
INFO: [filemgmt 20-334] All file(s) are already imported in fileset: 'blk_mem_gen_img'
INFO: [filemgmt 20-348] Importing the appropriate files for fileset: 'blk_mem_gen_img'
INFO: [filemgmt 20-334] All file(s) are already imported in fileset: 'constrs_1'
INFO: [filemgmt 20-348] Importing the appropriate files for fileset: 'constrs_1'
INFO: [filemgmt 20-348] Importing the appropriate files for fileset: 'sources_1'
