#-----------------------------------------------------------
# Vivado v2018.2 (64-bit)
# SW Build 2258646 on Thu Jun 14 20:03:12 MDT 2018
# IP Build 2256618 on Thu Jun 14 22:10:49 MDT 2018
# Start of session at: Mon May  4 11:39:10 2026
# Process ID: 13496
# Current directory: C:/Users/Jun Yi/Documents/Y2S2/EE2026/Project/project_FDP_final
# Command line: vivado.exe -gui_launcher_event rodinguilauncherevent5744 C:\Users\Jun Yi\Documents\Y2S2\EE2026\Project\project_FDP_final\project_FDP_final.xpr
# Log file: C:/Users/Jun Yi/Documents/Y2S2/EE2026/Project/project_FDP_final/vivado.log
# Journal file: C:/Users/Jun Yi/Documents/Y2S2/EE2026/Project/project_FDP_final\vivado.jou
#-----------------------------------------------------------
start_gui
open_project {C:/Users/Jun Yi/Documents/Y2S2/EE2026/Project/project_FDP_final/project_FDP_final.xpr}
INFO: [Project 1-313] Project file moved from 'C:/Users/Jun Yi/Desktop/project_FDP_final/.Xil/Vivado-3116-DESKTOP-UA3OGHR/PrjAr/_X_' since last save.
Scanning sources...
Finished scanning sources
INFO: [IP_Flow 19-234] Refreshing IP repositories
INFO: [IP_Flow 19-1704] No user IP repositories specified
INFO: [IP_Flow 19-2313] Loaded Vivado IP repository 'C:/Xilinx/Vivado/2018.2/data/ip'.
open_project: Time (s): cpu = 00:00:15 ; elapsed = 00:00:09 . Memory (MB): peak = 828.668 ; gain = 81.305
update_compile_order -fileset sources_1
archive_project {C:/Users/Jun Yi/Documents/Y2S2/EE2026/Project/project_FDP_final.xpr.zip} -temp_dir {C:/Users/Jun Yi/Documents/Y2S2/EE2026/Project/project_FDP_final/.Xil/Vivado-13496-DESKTOP-UA3OGHR} -force -include_local_ip_cache -include_config_settings
INFO: [Coretcl 2-137] starting archive...
INFO: [Coretcl 2-1499] Saving project copy to temporary location 'C:/Users/Jun Yi/Documents/Y2S2/EE2026/Project/project_FDP_final/.Xil/Vivado-13496-DESKTOP-UA3OGHR' for archiving project
Scanning sources...
Finished scanning sources
INFO: [IP_Flow 19-234] Refreshing IP repositories
INFO: [IP_Flow 19-1704] No user IP repositories specified
INFO: [IP_Flow 19-2313] Loaded Vivado IP repository 'C:/Xilinx/Vivado/2018.2/data/ip'.
INFO: [Coretcl 2-1211] Creating project copy for archival...
INFO: [ProjectBase 1-495] The host OS only allows 260 characters in a normal path. The project is stored in a path with more than 80 characters. If you experience any problem with archiving the project, please consider setting environment variable $TEMP to a shorter path.
Current project path is 'C:/Users/Jun Yi/Documents/Y2S2/EE2026/Project/project_FDP_final/.Xil/Vivado-13496-DESKTOP-UA3OGHR/PrjAr/_X_'.
INFO: [Coretcl 2-1213] Including run results for 'synth_1'
INFO: [Coretcl 2-1213] Including run results for 'blk_mem_gen_const_synth_1'
INFO: [Coretcl 2-1213] Including run results for 'blk_mem_gen_img_synth_1'
INFO: [Coretcl 2-1213] Including run results for 'impl_1'
INFO: [Coretcl 2-133] re-setting run 'blk_mem_gen_const_impl_1'...
INFO: [Coretcl 2-133] re-setting run 'blk_mem_gen_img_impl_1'...
INFO: [Coretcl 2-1212] Importing remotely added design sources and verilog include files (if any)...
INFO: [filemgmt 20-334] All file(s) are already imported in fileset: 'blk_mem_gen_const'
INFO: [filemgmt 20-348] Importing the appropriate files for fileset: 'blk_mem_gen_const'
INFO: [filemgmt 20-334] All file(s) are already imported in fileset: 'blk_mem_gen_img'
INFO: [filemgmt 20-348] Importing the appropriate files for fileset: 'blk_mem_gen_img'
INFO: [filemgmt 20-334] All file(s) are already imported in fileset: 'constrs_1'
INFO: [filemgmt 20-348] Importing the appropriate files for fileset: 'constrs_1'
INFO: [filemgmt 20-348] Importing the appropriate files for fileset: 'sources_1'
INFO: [Coretcl 2-1209] Adding archive summary file to the project...
INFO: [Coretcl 2-1214] Preparing project files for archive...
INFO: [Coretcl 2-1210] Compressing project files and data...
INFO: [Coretcl 2-1215] Project archived (C:/Users/Jun Yi/Documents/Y2S2/EE2026/Project/project_FDP_final.xpr.zip)
INFO: [Coretcl 2-1216] To view the archive summary log in GUI, double click on 'Design Sources->Text->archive_project_summary.txt', or open this file from the archived project directory.
archive_project: Time (s): cpu = 00:00:19 ; elapsed = 00:00:21 . Memory (MB): peak = 880.117 ; gain = 25.727
