#-----------------------------------------------------------
# Vivado v2018.2 (64-bit)
# SW Build 2258646 on Thu Jun 14 20:03:12 MDT 2018
# IP Build 2256618 on Thu Jun 14 22:10:49 MDT 2018
# Start of session at: Mon Mar 16 15:21:51 2026
# Process ID: 10992
# Current directory: C:/Users/Jun Yi/Documents/Y2S2/EE2026/Project/FDP
# Command line: vivado.exe -gui_launcher_event rodinguilauncherevent21080 C:\Users\Jun Yi\Documents\Y2S2\EE2026\Project\FDP\FDP.xpr
# Log file: C:/Users/Jun Yi/Documents/Y2S2/EE2026/Project/FDP/vivado.log
# Journal file: C:/Users/Jun Yi/Documents/Y2S2/EE2026/Project/FDP\vivado.jou
#-----------------------------------------------------------
start_gui
open_project {C:/Users/Jun Yi/Documents/Y2S2/EE2026/Project/FDP/FDP.xpr}
INFO: [Project 1-313] Project file moved from 'C:/Users/Christopher/Desktop/MODS/.Xil/Vivado-3416-CMS-SG-D1-13900K/PrjAr/_X_' since last save.
Scanning sources...
Finished scanning sources
INFO: [IP_Flow 19-234] Refreshing IP repositories
INFO: [IP_Flow 19-1704] No user IP repositories specified
INFO: [IP_Flow 19-2313] Loaded Vivado IP repository 'C:/Xilinx/Vivado/2018.2/data/ip'.
open_project: Time (s): cpu = 00:00:16 ; elapsed = 00:00:08 . Memory (MB): peak = 845.859 ; gain = 70.410
update_compile_order -fileset sources_1
exit
INFO: [Common 17-206] Exiting Vivado at Mon Mar 16 15:30:30 2026...
