#-----------------------------------------------------------
# Vivado v2018.2 (64-bit)
# SW Build 2258646 on Thu Jun 14 20:03:12 MDT 2018
# IP Build 2256618 on Thu Jun 14 22:10:49 MDT 2018
# Start of session at: Mon Mar 16 15:30:38 2026
# Process ID: 11632
# Current directory: C:/Users/Jun Yi/Documents/Y2S2/EE2026/Project/FDP
# Command line: vivado.exe -gui_launcher_event rodinguilauncherevent5156 C:\Users\Jun Yi\Documents\Y2S2\EE2026\Project\FDP\FDP.xpr
# Log file: C:/Users/Jun Yi/Documents/Y2S2/EE2026/Project/FDP/vivado.log
# Journal file: C:/Users/Jun Yi/Documents/Y2S2/EE2026/Project/FDP\vivado.jou
#-----------------------------------------------------------
start_gui
open_project {C:/Users/Jun Yi/Documents/Y2S2/EE2026/Project/FDP/FDP.xpr}
Scanning sources...
Finished scanning sources
INFO: [IP_Flow 19-234] Refreshing IP repositories
INFO: [IP_Flow 19-1704] No user IP repositories specified
INFO: [IP_Flow 19-2313] Loaded Vivado IP repository 'C:/Xilinx/Vivado/2018.2/data/ip'.
update_compile_order -fileset sources_1
update_compile_order -fileset sources_1
close [ open {C:/Users/Jun Yi/Documents/Y2S2/EE2026/Project/FDP/FDP.srcs/sources_1/new/start_screen.v} w ]
add_files {{C:/Users/Jun Yi/Documents/Y2S2/EE2026/Project/FDP/FDP.srcs/sources_1/new/start_screen.v}}
update_compile_order -fileset sources_1
update_compile_order -fileset sources_1
launch_runs impl_1 -to_step write_bitstream -jobs 16
[Mon Mar 16 15:53:27 2026] Launched synth_1...
Run output will be captured here: C:/Users/Jun Yi/Documents/Y2S2/EE2026/Project/FDP/FDP.runs/synth_1/runme.log
[Mon Mar 16 15:53:27 2026] Launched impl_1...
Run output will be captured here: C:/Users/Jun Yi/Documents/Y2S2/EE2026/Project/FDP/FDP.runs/impl_1/runme.log
add_files -fileset constrs_1 -norecurse {{C:/Users/Jun Yi/Documents/Y2S2/EE2026/Basys3_Master.xdc}}
reset_run synth_1
launch_runs impl_1 -to_step write_bitstream -jobs 16
[Mon Mar 16 15:55:19 2026] Launched synth_1...
Run output will be captured here: C:/Users/Jun Yi/Documents/Y2S2/EE2026/Project/FDP/FDP.runs/synth_1/runme.log
[Mon Mar 16 15:55:19 2026] Launched impl_1...
Run output will be captured here: C:/Users/Jun Yi/Documents/Y2S2/EE2026/Project/FDP/FDP.runs/impl_1/runme.log
reset_run synth_1
launch_runs impl_1 -to_step write_bitstream -jobs 16
[Mon Mar 16 15:55:53 2026] Launched synth_1...
Run output will be captured here: C:/Users/Jun Yi/Documents/Y2S2/EE2026/Project/FDP/FDP.runs/synth_1/runme.log
[Mon Mar 16 15:55:53 2026] Launched impl_1...
Run output will be captured here: C:/Users/Jun Yi/Documents/Y2S2/EE2026/Project/FDP/FDP.runs/impl_1/runme.log
reset_run synth_1
launch_runs impl_1 -to_step write_bitstream -jobs 16
[Mon Mar 16 15:58:35 2026] Launched synth_1...
Run output will be captured here: C:/Users/Jun Yi/Documents/Y2S2/EE2026/Project/FDP/FDP.runs/synth_1/runme.log
[Mon Mar 16 15:58:35 2026] Launched impl_1...
Run output will be captured here: C:/Users/Jun Yi/Documents/Y2S2/EE2026/Project/FDP/FDP.runs/impl_1/runme.log
reset_run synth_1
launch_runs impl_1 -to_step write_bitstream -jobs 16
CRITICAL WARNING: [filemgmt 20-742] The top module "Top_Student" specified for this project can not be validated. The current project is using automatic hierarchy update mode, and hence a new suitable replacement top will be automatically selected. If this is not desired, please change the hierarchy update mode to one of the manual compile order modes first, and then set top to any desired value.
Resolution: To switch to manual update order go to the Sources view, right-click on any node in the hierarchy and in the context menu select: 'Hierarchy Update' option 'No Update' or run the following Tcl Command: set_property source_mgmt_mode None [current_project] (which is the Manual Compile Order mode).
INFO: [IP_Flow 19-1686] Generating 'Synthesis' target for IP 'blk_mem_gen_const'...
INFO: [Common 17-365] Interrupt caught but 'launch_runs' cannot be canceled. Please wait for command to finish.
INFO: [IP_Flow 19-3499] Reset cancelled 'Synthesis' target for IP 'blk_mem_gen_const'.
WARNING: [Runs 36-53] Possible issues detected after target generation. Generation state is unexpected for target 'Synthesis'. Expected 'Generated', got 'Stale' for source 'C:/Users/Jun Yi/Documents/Y2S2/EE2026/Project/FDP/FDP.srcs/sources_1/ip/blk_mem_gen_img/blk_mem_gen_img.xci'
[Mon Mar 16 16:01:38 2026] Launched synth_1...
Run output will be captured here: C:/Users/Jun Yi/Documents/Y2S2/EE2026/Project/FDP/FDP.runs/synth_1/runme.log
[Mon Mar 16 16:01:38 2026] Launched impl_1...
Run output will be captured here: C:/Users/Jun Yi/Documents/Y2S2/EE2026/Project/FDP/FDP.runs/impl_1/runme.log
launch_runs: Time (s): cpu = 00:00:04 ; elapsed = 00:00:05 . Memory (MB): peak = 919.738 ; gain = 19.160
INFO: [Common 17-681] Processing pending cancel.
reset_run synth_1
WARNING: [Vivado 12-1017] Problems encountered:
1. PID not specified

update_compile_order -fileset sources_1
launch_runs impl_1 -to_step write_bitstream -jobs 16
INFO: [Vivado 12-4149] The synthesis checkpoint for IP 'C:/Users/Jun Yi/Documents/Y2S2/EE2026/Project/FDP/FDP.srcs/sources_1/ip/blk_mem_gen_inter/blk_mem_gen_inter.xci' is already up-to-date
INFO: [IP_Flow 19-1686] Generating 'Synthesis' target for IP 'blk_mem_gen_img'...
INFO: [Vivado 12-4149] The synthesis checkpoint for IP 'C:/Users/Jun Yi/Documents/Y2S2/EE2026/Project/FDP/FDP.srcs/sources_1/ip/blk_mem_gen_0_1/blk_mem_gen_0.xci' is already up-to-date
[Mon Mar 16 16:01:53 2026] Launched blk_mem_gen_const_synth_1, blk_mem_gen_img_synth_1, synth_1...
Run output will be captured here:
blk_mem_gen_const_synth_1: C:/Users/Jun Yi/Documents/Y2S2/EE2026/Project/FDP/FDP.runs/blk_mem_gen_const_synth_1/runme.log
blk_mem_gen_img_synth_1: C:/Users/Jun Yi/Documents/Y2S2/EE2026/Project/FDP/FDP.runs/blk_mem_gen_img_synth_1/runme.log
synth_1: C:/Users/Jun Yi/Documents/Y2S2/EE2026/Project/FDP/FDP.runs/synth_1/runme.log
[Mon Mar 16 16:01:54 2026] Launched impl_1...
Run output will be captured here: C:/Users/Jun Yi/Documents/Y2S2/EE2026/Project/FDP/FDP.runs/impl_1/runme.log
set_property top Top_Student [current_fileset]
update_compile_order -fileset sources_1
reset_run synth_1
launch_runs impl_1 -to_step write_bitstream -jobs 16
[Mon Mar 16 16:04:23 2026] Launched synth_1...
Run output will be captured here: C:/Users/Jun Yi/Documents/Y2S2/EE2026/Project/FDP/FDP.runs/synth_1/runme.log
[Mon Mar 16 16:04:23 2026] Launched impl_1...
Run output will be captured here: C:/Users/Jun Yi/Documents/Y2S2/EE2026/Project/FDP/FDP.runs/impl_1/runme.log
open_hw
connect_hw_server
INFO: [Labtools 27-2285] Connecting to hw_server url TCP:localhost:3121
INFO: [Labtools 27-2222] Launching hw_server...
INFO: [Labtools 27-2221] Launch Output:

****** Xilinx hw_server v2018.2
  **** Build date : Jun 14 2018-20:42:52
    ** Copyright 1986-2018 Xilinx, Inc. All Rights Reserved.


connect_hw_server: Time (s): cpu = 00:00:01 ; elapsed = 00:00:07 . Memory (MB): peak = 932.160 ; gain = 0.000
open_hw_target
INFO: [Labtoolstcl 44-466] Opening hw_target localhost:3121/xilinx_tcf/Digilent/210183BD4B47A
set_property PROGRAM.FILE {C:/Users/Jun Yi/Documents/Y2S2/EE2026/Project/FDP/FDP.runs/impl_1/Top_Student.bit} [get_hw_devices xc7a35t_0]
current_hw_device [get_hw_devices xc7a35t_0]
refresh_hw_device -update_hw_probes false [lindex [get_hw_devices xc7a35t_0] 0]
INFO: [Labtools 27-1434] Device xc7a35t (JTAG device index = 0) is programmed with a design that has no supported debug core(s) in it.
WARNING: [Labtools 27-3361] The debug hub core was not detected.
Resolution: 
1. Make sure the clock connected to the debug hub (dbg_hub) core is a free running clock and is active.
2. Make sure the BSCAN_SWITCH_USER_MASK device property in Vivado Hardware Manager reflects the user scan chain setting in the design and refresh the device.  To determine the user scan chain setting in the design, open the implemented design and use 'get_property C_USER_SCAN_CHAIN [get_debug_cores dbg_hub]'.
For more details on setting the scan chain property, consult the Vivado Debug and Programming User Guide (UG908).
set_property PROBES.FILE {} [get_hw_devices xc7a35t_0]
set_property FULL_PROBES.FILE {} [get_hw_devices xc7a35t_0]
set_property PROGRAM.FILE {C:/Users/Jun Yi/Documents/Y2S2/EE2026/Project/FDP/FDP.runs/impl_1/Top_Student.bit} [get_hw_devices xc7a35t_0]
program_hw_devices [get_hw_devices xc7a35t_0]
INFO: [Labtools 27-3164] End of startup status: HIGH
refresh_hw_device [lindex [get_hw_devices xc7a35t_0] 0]
INFO: [Labtools 27-1434] Device xc7a35t (JTAG device index = 0) is programmed with a design that has no supported debug core(s) in it.
WARNING: [Labtools 27-3361] The debug hub core was not detected.
Resolution: 
1. Make sure the clock connected to the debug hub (dbg_hub) core is a free running clock and is active.
2. Make sure the BSCAN_SWITCH_USER_MASK device property in Vivado Hardware Manager reflects the user scan chain setting in the design and refresh the device.  To determine the user scan chain setting in the design, open the implemented design and use 'get_property C_USER_SCAN_CHAIN [get_debug_cores dbg_hub]'.
For more details on setting the scan chain property, consult the Vivado Debug and Programming User Guide (UG908).
ERROR: [Labtoolstcl 44-513] HW Target shutdown. Closing target: localhost:3121/xilinx_tcf/Digilent/210183BD4B47A
reset_run synth_1
launch_runs impl_1 -to_step write_bitstream -jobs 16
[Mon Mar 16 16:26:42 2026] Launched synth_1...
Run output will be captured here: C:/Users/Jun Yi/Documents/Y2S2/EE2026/Project/FDP/FDP.runs/synth_1/runme.log
[Mon Mar 16 16:26:42 2026] Launched impl_1...
Run output will be captured here: C:/Users/Jun Yi/Documents/Y2S2/EE2026/Project/FDP/FDP.runs/impl_1/runme.log
disconnect_hw_server localhost:3121
connect_hw_server
INFO: [Labtools 27-2285] Connecting to hw_server url TCP:localhost:3121
open_hw_target
INFO: [Labtoolstcl 44-466] Opening hw_target localhost:3121/xilinx_tcf/Digilent/210183BD4B47A
set_property PROGRAM.FILE {C:/Users/Jun Yi/Documents/Y2S2/EE2026/Project/FDP/FDP.runs/impl_1/Top_Student.bit} [get_hw_devices xc7a35t_0]
current_hw_device [get_hw_devices xc7a35t_0]
refresh_hw_device -update_hw_probes false [lindex [get_hw_devices xc7a35t_0] 0]
INFO: [Labtools 27-1434] Device xc7a35t (JTAG device index = 0) is programmed with a design that has no supported debug core(s) in it.
WARNING: [Labtools 27-3361] The debug hub core was not detected.
Resolution: 
1. Make sure the clock connected to the debug hub (dbg_hub) core is a free running clock and is active.
2. Make sure the BSCAN_SWITCH_USER_MASK device property in Vivado Hardware Manager reflects the user scan chain setting in the design and refresh the device.  To determine the user scan chain setting in the design, open the implemented design and use 'get_property C_USER_SCAN_CHAIN [get_debug_cores dbg_hub]'.
For more details on setting the scan chain property, consult the Vivado Debug and Programming User Guide (UG908).
set_property PROBES.FILE {} [get_hw_devices xc7a35t_0]
set_property FULL_PROBES.FILE {} [get_hw_devices xc7a35t_0]
set_property PROGRAM.FILE {C:/Users/Jun Yi/Documents/Y2S2/EE2026/Project/FDP/FDP.runs/impl_1/Top_Student.bit} [get_hw_devices xc7a35t_0]
program_hw_devices [get_hw_devices xc7a35t_0]
INFO: [Labtools 27-3164] End of startup status: HIGH
refresh_hw_device [lindex [get_hw_devices xc7a35t_0] 0]
INFO: [Labtools 27-1434] Device xc7a35t (JTAG device index = 0) is programmed with a design that has no supported debug core(s) in it.
WARNING: [Labtools 27-3361] The debug hub core was not detected.
Resolution: 
1. Make sure the clock connected to the debug hub (dbg_hub) core is a free running clock and is active.
2. Make sure the BSCAN_SWITCH_USER_MASK device property in Vivado Hardware Manager reflects the user scan chain setting in the design and refresh the device.  To determine the user scan chain setting in the design, open the implemented design and use 'get_property C_USER_SCAN_CHAIN [get_debug_cores dbg_hub]'.
For more details on setting the scan chain property, consult the Vivado Debug and Programming User Guide (UG908).
ERROR: [Labtoolstcl 44-513] HW Target shutdown. Closing target: localhost:3121/xilinx_tcf/Digilent/210183BD4B47A
file mkdir C:/Users/Jun Yi/Documents/Y2S2/EE2026/Project/FDP/FDP.srcs/constrs_1
can't create directory "C:/Users/Jun": permission denied
file mkdir C:/Users/Jun Yi/Documents/Y2S2/EE2026/Project/FDP/FDP.srcs/constrs_1
can't create directory "C:/Users/Jun": permission denied
file mkdir C:/Users/Jun Yi/Documents/Y2S2/EE2026/Project/FDP/FDP.srcs/constrs_1/new
can't create directory "C:/Users/Jun": permission denied
file mkdir C:/Users/Jun Yi/Documents/Y2S2/EE2026/Project/FDP/FDP.srcs/constrs_1/new
can't create directory "C:/Users/Jun": permission denied
file mkdir C:/Users/Jun Yi/Documents/Y2S2/EE2026/Project/FDP/FDP.srcs/constrs_1/new
can't create directory "C:/Users/Jun": permission denied
file mkdir C:/Users/Jun Yi/Documents/Y2S2/EE2026/Project/FDP/FDP.srcs/constrs_1/new
can't create directory "C:/Users/Jun": permission denied
file mkdir C:/Users/Jun Yi/Documents/Y2S2/EE2026/Project/FDP/FDP.srcs/constrs_1
can't create directory "C:/Users/Jun": permission denied
file mkdir {C:/Users/Jun Yi/Documents/Y2S2/EE2026/Project/FDP/FDP.srcs/constrs_1/new}
close [ open {C:/Users/Jun Yi/Documents/Y2S2/EE2026/Project/FDP/FDP.srcs/constrs_1/new/test_state_display.xdc} w ]
add_files -fileset constrs_1 {{C:/Users/Jun Yi/Documents/Y2S2/EE2026/Project/FDP/FDP.srcs/constrs_1/new/test_state_display.xdc}}
export_ip_user_files -of_objects  [get_files {{C:/Users/Jun Yi/Documents/Y2S2/EE2026/Project/FDP/FDP.srcs/constrs_1/new/test_state_display.xdc}}] -no_script -reset -force -quiet
remove_files  -fileset constrs_1 {{C:/Users/Jun Yi/Documents/Y2S2/EE2026/Project/FDP/FDP.srcs/constrs_1/new/test_state_display.xdc}}
close [ open {C:/Users/Jun Yi/Documents/Y2S2/EE2026/Project/FDP/FDP.srcs/sources_1/new/test_state_display.v} w ]
add_files {{C:/Users/Jun Yi/Documents/Y2S2/EE2026/Project/FDP/FDP.srcs/sources_1/new/test_state_display.v}}
update_compile_order -fileset sources_1
update_compile_order -fileset sources_1
reset_run synth_1
launch_runs impl_1 -to_step write_bitstream -jobs 16
[Mon Mar 16 18:33:55 2026] Launched synth_1...
Run output will be captured here: C:/Users/Jun Yi/Documents/Y2S2/EE2026/Project/FDP/FDP.runs/synth_1/runme.log
[Mon Mar 16 18:33:55 2026] Launched impl_1...
Run output will be captured here: C:/Users/Jun Yi/Documents/Y2S2/EE2026/Project/FDP/FDP.runs/impl_1/runme.log
reset_run synth_1
launch_runs impl_1 -to_step write_bitstream -jobs 16
[Mon Mar 16 18:36:11 2026] Launched synth_1...
Run output will be captured here: C:/Users/Jun Yi/Documents/Y2S2/EE2026/Project/FDP/FDP.runs/synth_1/runme.log
[Mon Mar 16 18:36:11 2026] Launched impl_1...
Run output will be captured here: C:/Users/Jun Yi/Documents/Y2S2/EE2026/Project/FDP/FDP.runs/impl_1/runme.log
INFO: [Labtoolstcl 44-466] Opening hw_target localhost:3121/xilinx_tcf/Digilent/210183BD4B47A
INFO: [Labtools 27-1434] Device xc7a35t (JTAG device index = 0) is programmed with a design that has no supported debug core(s) in it.
WARNING: [Labtools 27-3361] The debug hub core was not detected.
Resolution: 
1. Make sure the clock connected to the debug hub (dbg_hub) core is a free running clock and is active.
2. Make sure the BSCAN_SWITCH_USER_MASK device property in Vivado Hardware Manager reflects the user scan chain setting in the design and refresh the device.  To determine the user scan chain setting in the design, open the implemented design and use 'get_property C_USER_SCAN_CHAIN [get_debug_cores dbg_hub]'.
For more details on setting the scan chain property, consult the Vivado Debug and Programming User Guide (UG908).
WARNING: [Labtoolstcl 44-129] No matching hw_ila_data was found.
set_property PROBES.FILE {} [get_hw_devices xc7a35t_0]
set_property FULL_PROBES.FILE {} [get_hw_devices xc7a35t_0]
set_property PROGRAM.FILE {C:/Users/Jun Yi/Documents/Y2S2/EE2026/Project/FDP/FDP.runs/impl_1/Top_Student.bit} [get_hw_devices xc7a35t_0]
program_hw_devices [get_hw_devices xc7a35t_0]
INFO: [Labtools 27-3164] End of startup status: HIGH
refresh_hw_device [lindex [get_hw_devices xc7a35t_0] 0]
INFO: [Labtools 27-1434] Device xc7a35t (JTAG device index = 0) is programmed with a design that has no supported debug core(s) in it.
WARNING: [Labtools 27-3361] The debug hub core was not detected.
Resolution: 
1. Make sure the clock connected to the debug hub (dbg_hub) core is a free running clock and is active.
2. Make sure the BSCAN_SWITCH_USER_MASK device property in Vivado Hardware Manager reflects the user scan chain setting in the design and refresh the device.  To determine the user scan chain setting in the design, open the implemented design and use 'get_property C_USER_SCAN_CHAIN [get_debug_cores dbg_hub]'.
For more details on setting the scan chain property, consult the Vivado Debug and Programming User Guide (UG908).
reset_run synth_1
launch_runs impl_1 -to_step write_bitstream -jobs 16
[Mon Mar 16 18:39:19 2026] Launched synth_1...
Run output will be captured here: C:/Users/Jun Yi/Documents/Y2S2/EE2026/Project/FDP/FDP.runs/synth_1/runme.log
[Mon Mar 16 18:39:19 2026] Launched impl_1...
Run output will be captured here: C:/Users/Jun Yi/Documents/Y2S2/EE2026/Project/FDP/FDP.runs/impl_1/runme.log
reset_run synth_1
launch_runs impl_1 -to_step write_bitstream -jobs 16
[Mon Mar 16 18:40:48 2026] Launched synth_1...
Run output will be captured here: C:/Users/Jun Yi/Documents/Y2S2/EE2026/Project/FDP/FDP.runs/synth_1/runme.log
[Mon Mar 16 18:40:48 2026] Launched impl_1...
Run output will be captured here: C:/Users/Jun Yi/Documents/Y2S2/EE2026/Project/FDP/FDP.runs/impl_1/runme.log
set_property PROBES.FILE {} [get_hw_devices xc7a35t_0]
set_property FULL_PROBES.FILE {} [get_hw_devices xc7a35t_0]
set_property PROGRAM.FILE {C:/Users/Jun Yi/Documents/Y2S2/EE2026/Project/FDP/FDP.runs/impl_1/Top_Student.bit} [get_hw_devices xc7a35t_0]
program_hw_devices [get_hw_devices xc7a35t_0]
INFO: [Labtools 27-3164] End of startup status: HIGH
refresh_hw_device [lindex [get_hw_devices xc7a35t_0] 0]
INFO: [Labtools 27-1434] Device xc7a35t (JTAG device index = 0) is programmed with a design that has no supported debug core(s) in it.
WARNING: [Labtools 27-3361] The debug hub core was not detected.
Resolution: 
1. Make sure the clock connected to the debug hub (dbg_hub) core is a free running clock and is active.
2. Make sure the BSCAN_SWITCH_USER_MASK device property in Vivado Hardware Manager reflects the user scan chain setting in the design and refresh the device.  To determine the user scan chain setting in the design, open the implemented design and use 'get_property C_USER_SCAN_CHAIN [get_debug_cores dbg_hub]'.
For more details on setting the scan chain property, consult the Vivado Debug and Programming User Guide (UG908).
reset_run synth_1
launch_runs impl_1 -to_step write_bitstream -jobs 16
[Mon Mar 16 18:56:55 2026] Launched synth_1...
Run output will be captured here: C:/Users/Jun Yi/Documents/Y2S2/EE2026/Project/FDP/FDP.runs/synth_1/runme.log
[Mon Mar 16 18:56:55 2026] Launched impl_1...
Run output will be captured here: C:/Users/Jun Yi/Documents/Y2S2/EE2026/Project/FDP/FDP.runs/impl_1/runme.log
set_property PROBES.FILE {} [get_hw_devices xc7a35t_0]
set_property FULL_PROBES.FILE {} [get_hw_devices xc7a35t_0]
set_property PROGRAM.FILE {C:/Users/Jun Yi/Documents/Y2S2/EE2026/Project/FDP/FDP.runs/impl_1/Top_Student.bit} [get_hw_devices xc7a35t_0]
program_hw_devices [get_hw_devices xc7a35t_0]
INFO: [Common 17-41] Interrupt caught. Command should exit soon.
ERROR: [Labtools 27-3419] Disconnecting from hw_server since it's not responding to requests.  It is recommended to investigate hw_server to find any issues.
ERROR: [Labtools 27-3165] End of startup status: LOW
program_hw_devices: Time (s): cpu = 00:00:01 ; elapsed = 00:00:11 . Memory (MB): peak = 1625.961 ; gain = 0.000
INFO: [Common 17-344] 'program_hw_devices' was cancelled
ERROR: [Labtoolstcl 44-513] HW Target shutdown. Closing target: localhost:3121/xilinx_tcf/Digilent/210183BD4B47A
disconnect_hw_server localhost:3121
connect_hw_server
INFO: [Labtools 27-2285] Connecting to hw_server url TCP:localhost:3121
ERROR: [Labtoolstcl 44-494] There is no active target available for server at localhost.
 Targets(s) ", jsn-Basys3-210183BD4B47A" may be locked by another hw_server.
disconnect_hw_server localhost:3121
connect_hw_server
INFO: [Labtools 27-2285] Connecting to hw_server url TCP:localhost:3121
open_hw_target
INFO: [Labtoolstcl 44-466] Opening hw_target localhost:3121/xilinx_tcf/Digilent/210183BD4B47A
set_property PROGRAM.FILE {C:/Users/Jun Yi/Documents/Y2S2/EE2026/Project/FDP/FDP.runs/impl_1/Top_Student.bit} [get_hw_devices xc7a35t_0]
current_hw_device [get_hw_devices xc7a35t_0]
refresh_hw_device -update_hw_probes false [lindex [get_hw_devices xc7a35t_0] 0]
INFO: [Labtools 27-1434] Device xc7a35t (JTAG device index = 0) is programmed with a design that has no supported debug core(s) in it.
WARNING: [Labtools 27-3361] The debug hub core was not detected.
Resolution: 
1. Make sure the clock connected to the debug hub (dbg_hub) core is a free running clock and is active.
2. Make sure the BSCAN_SWITCH_USER_MASK device property in Vivado Hardware Manager reflects the user scan chain setting in the design and refresh the device.  To determine the user scan chain setting in the design, open the implemented design and use 'get_property C_USER_SCAN_CHAIN [get_debug_cores dbg_hub]'.
For more details on setting the scan chain property, consult the Vivado Debug and Programming User Guide (UG908).
set_property PROBES.FILE {} [get_hw_devices xc7a35t_0]
set_property FULL_PROBES.FILE {} [get_hw_devices xc7a35t_0]
set_property PROGRAM.FILE {C:/Users/Jun Yi/Documents/Y2S2/EE2026/Project/FDP/FDP.runs/impl_1/Top_Student.bit} [get_hw_devices xc7a35t_0]
program_hw_devices [get_hw_devices xc7a35t_0]
INFO: [Labtools 27-3164] End of startup status: HIGH
refresh_hw_device [lindex [get_hw_devices xc7a35t_0] 0]
INFO: [Labtools 27-1434] Device xc7a35t (JTAG device index = 0) is programmed with a design that has no supported debug core(s) in it.
WARNING: [Labtools 27-3361] The debug hub core was not detected.
Resolution: 
1. Make sure the clock connected to the debug hub (dbg_hub) core is a free running clock and is active.
2. Make sure the BSCAN_SWITCH_USER_MASK device property in Vivado Hardware Manager reflects the user scan chain setting in the design and refresh the device.  To determine the user scan chain setting in the design, open the implemented design and use 'get_property C_USER_SCAN_CHAIN [get_debug_cores dbg_hub]'.
For more details on setting the scan chain property, consult the Vivado Debug and Programming User Guide (UG908).
set_property PROBES.FILE {} [get_hw_devices xc7a35t_0]
set_property FULL_PROBES.FILE {} [get_hw_devices xc7a35t_0]
set_property PROGRAM.FILE {C:/Users/Jun Yi/Documents/Y2S2/EE2026/Project/FDP/FDP.runs/impl_1/Top_Student.bit} [get_hw_devices xc7a35t_0]
program_hw_devices [get_hw_devices xc7a35t_0]
INFO: [Labtools 27-3164] End of startup status: HIGH
refresh_hw_device [lindex [get_hw_devices xc7a35t_0] 0]
INFO: [Labtools 27-1434] Device xc7a35t (JTAG device index = 0) is programmed with a design that has no supported debug core(s) in it.
WARNING: [Labtools 27-3361] The debug hub core was not detected.
Resolution: 
1. Make sure the clock connected to the debug hub (dbg_hub) core is a free running clock and is active.
2. Make sure the BSCAN_SWITCH_USER_MASK device property in Vivado Hardware Manager reflects the user scan chain setting in the design and refresh the device.  To determine the user scan chain setting in the design, open the implemented design and use 'get_property C_USER_SCAN_CHAIN [get_debug_cores dbg_hub]'.
For more details on setting the scan chain property, consult the Vivado Debug and Programming User Guide (UG908).
reset_run synth_1
launch_runs impl_1 -to_step write_bitstream -jobs 16
[Mon Mar 16 19:03:09 2026] Launched synth_1...
Run output will be captured here: C:/Users/Jun Yi/Documents/Y2S2/EE2026/Project/FDP/FDP.runs/synth_1/runme.log
[Mon Mar 16 19:03:09 2026] Launched impl_1...
Run output will be captured here: C:/Users/Jun Yi/Documents/Y2S2/EE2026/Project/FDP/FDP.runs/impl_1/runme.log
set_property PROBES.FILE {} [get_hw_devices xc7a35t_0]
set_property FULL_PROBES.FILE {} [get_hw_devices xc7a35t_0]
set_property PROGRAM.FILE {C:/Users/Jun Yi/Documents/Y2S2/EE2026/Project/FDP/FDP.runs/impl_1/Top_Student.bit} [get_hw_devices xc7a35t_0]
program_hw_devices [get_hw_devices xc7a35t_0]
INFO: [Labtools 27-3164] End of startup status: HIGH
refresh_hw_device [lindex [get_hw_devices xc7a35t_0] 0]
INFO: [Labtools 27-1434] Device xc7a35t (JTAG device index = 0) is programmed with a design that has no supported debug core(s) in it.
WARNING: [Labtools 27-3361] The debug hub core was not detected.
Resolution: 
1. Make sure the clock connected to the debug hub (dbg_hub) core is a free running clock and is active.
2. Make sure the BSCAN_SWITCH_USER_MASK device property in Vivado Hardware Manager reflects the user scan chain setting in the design and refresh the device.  To determine the user scan chain setting in the design, open the implemented design and use 'get_property C_USER_SCAN_CHAIN [get_debug_cores dbg_hub]'.
For more details on setting the scan chain property, consult the Vivado Debug and Programming User Guide (UG908).
set_property PROBES.FILE {} [get_hw_devices xc7a35t_0]
set_property FULL_PROBES.FILE {} [get_hw_devices xc7a35t_0]
set_property PROGRAM.FILE {C:/Users/Jun Yi/Documents/Y2S2/EE2026/Project/FDP/FDP.runs/impl_1/Top_Student.bit} [get_hw_devices xc7a35t_0]
program_hw_devices [get_hw_devices xc7a35t_0]
INFO: [Labtools 27-3164] End of startup status: HIGH
refresh_hw_device [lindex [get_hw_devices xc7a35t_0] 0]
INFO: [Labtools 27-1434] Device xc7a35t (JTAG device index = 0) is programmed with a design that has no supported debug core(s) in it.
WARNING: [Labtools 27-3361] The debug hub core was not detected.
Resolution: 
1. Make sure the clock connected to the debug hub (dbg_hub) core is a free running clock and is active.
2. Make sure the BSCAN_SWITCH_USER_MASK device property in Vivado Hardware Manager reflects the user scan chain setting in the design and refresh the device.  To determine the user scan chain setting in the design, open the implemented design and use 'get_property C_USER_SCAN_CHAIN [get_debug_cores dbg_hub]'.
For more details on setting the scan chain property, consult the Vivado Debug and Programming User Guide (UG908).
set_property PROBES.FILE {} [get_hw_devices xc7a35t_0]
set_property FULL_PROBES.FILE {} [get_hw_devices xc7a35t_0]
set_property PROGRAM.FILE {C:/Users/Jun Yi/Documents/Y2S2/EE2026/Project/FDP/FDP.runs/impl_1/Top_Student.bit} [get_hw_devices xc7a35t_0]
program_hw_devices [get_hw_devices xc7a35t_0]
INFO: [Labtools 27-3164] End of startup status: HIGH
refresh_hw_device [lindex [get_hw_devices xc7a35t_0] 0]
INFO: [Labtools 27-1434] Device xc7a35t (JTAG device index = 0) is programmed with a design that has no supported debug core(s) in it.
WARNING: [Labtools 27-3361] The debug hub core was not detected.
Resolution: 
1. Make sure the clock connected to the debug hub (dbg_hub) core is a free running clock and is active.
2. Make sure the BSCAN_SWITCH_USER_MASK device property in Vivado Hardware Manager reflects the user scan chain setting in the design and refresh the device.  To determine the user scan chain setting in the design, open the implemented design and use 'get_property C_USER_SCAN_CHAIN [get_debug_cores dbg_hub]'.
For more details on setting the scan chain property, consult the Vivado Debug and Programming User Guide (UG908).
ERROR: [Labtoolstcl 44-513] HW Target shutdown. Closing target: localhost:3121/xilinx_tcf/Digilent/210183BD4B47A
reset_run synth_1
launch_runs impl_1 -to_step write_bitstream -jobs 16
[Mon Mar 16 19:08:04 2026] Launched synth_1...
Run output will be captured here: C:/Users/Jun Yi/Documents/Y2S2/EE2026/Project/FDP/FDP.runs/synth_1/runme.log
[Mon Mar 16 19:08:04 2026] Launched impl_1...
Run output will be captured here: C:/Users/Jun Yi/Documents/Y2S2/EE2026/Project/FDP/FDP.runs/impl_1/runme.log
disconnect_hw_server localhost:3121
connect_hw_server
INFO: [Labtools 27-2285] Connecting to hw_server url TCP:localhost:3121
ERROR: [Labtoolstcl 44-494] There is no active target available for server at localhost.
 Targets(s) ", jsn-Basys3-210183BD4B47A" may be locked by another hw_server.
disconnect_hw_server localhost:3121
connect_hw_server
INFO: [Labtools 27-2285] Connecting to hw_server url TCP:localhost:3121
open_hw_target
INFO: [Labtoolstcl 44-466] Opening hw_target localhost:3121/xilinx_tcf/Digilent/210183BD4B47A
set_property PROGRAM.FILE {C:/Users/Jun Yi/Documents/Y2S2/EE2026/Project/FDP/FDP.runs/impl_1/Top_Student.bit} [get_hw_devices xc7a35t_0]
current_hw_device [get_hw_devices xc7a35t_0]
refresh_hw_device -update_hw_probes false [lindex [get_hw_devices xc7a35t_0] 0]
INFO: [Labtools 27-1434] Device xc7a35t (JTAG device index = 0) is programmed with a design that has no supported debug core(s) in it.
WARNING: [Labtools 27-3361] The debug hub core was not detected.
Resolution: 
1. Make sure the clock connected to the debug hub (dbg_hub) core is a free running clock and is active.
2. Make sure the BSCAN_SWITCH_USER_MASK device property in Vivado Hardware Manager reflects the user scan chain setting in the design and refresh the device.  To determine the user scan chain setting in the design, open the implemented design and use 'get_property C_USER_SCAN_CHAIN [get_debug_cores dbg_hub]'.
For more details on setting the scan chain property, consult the Vivado Debug and Programming User Guide (UG908).
set_property PROBES.FILE {} [get_hw_devices xc7a35t_0]
set_property FULL_PROBES.FILE {} [get_hw_devices xc7a35t_0]
set_property PROGRAM.FILE {C:/Users/Jun Yi/Documents/Y2S2/EE2026/Project/FDP/FDP.runs/impl_1/Top_Student.bit} [get_hw_devices xc7a35t_0]
program_hw_devices [get_hw_devices xc7a35t_0]
INFO: [Labtools 27-3164] End of startup status: HIGH
refresh_hw_device [lindex [get_hw_devices xc7a35t_0] 0]
INFO: [Labtools 27-1434] Device xc7a35t (JTAG device index = 0) is programmed with a design that has no supported debug core(s) in it.
WARNING: [Labtools 27-3361] The debug hub core was not detected.
Resolution: 
1. Make sure the clock connected to the debug hub (dbg_hub) core is a free running clock and is active.
2. Make sure the BSCAN_SWITCH_USER_MASK device property in Vivado Hardware Manager reflects the user scan chain setting in the design and refresh the device.  To determine the user scan chain setting in the design, open the implemented design and use 'get_property C_USER_SCAN_CHAIN [get_debug_cores dbg_hub]'.
For more details on setting the scan chain property, consult the Vivado Debug and Programming User Guide (UG908).
set_property PROBES.FILE {} [get_hw_devices xc7a35t_0]
set_property FULL_PROBES.FILE {} [get_hw_devices xc7a35t_0]
set_property PROGRAM.FILE {C:/Users/Jun Yi/Documents/Y2S2/EE2026/Project/FDP/FDP.runs/impl_1/Top_Student.bit} [get_hw_devices xc7a35t_0]
program_hw_devices [get_hw_devices xc7a35t_0]
INFO: [Labtools 27-3164] End of startup status: HIGH
refresh_hw_device [lindex [get_hw_devices xc7a35t_0] 0]
INFO: [Labtools 27-1434] Device xc7a35t (JTAG device index = 0) is programmed with a design that has no supported debug core(s) in it.
WARNING: [Labtools 27-3361] The debug hub core was not detected.
Resolution: 
1. Make sure the clock connected to the debug hub (dbg_hub) core is a free running clock and is active.
2. Make sure the BSCAN_SWITCH_USER_MASK device property in Vivado Hardware Manager reflects the user scan chain setting in the design and refresh the device.  To determine the user scan chain setting in the design, open the implemented design and use 'get_property C_USER_SCAN_CHAIN [get_debug_cores dbg_hub]'.
For more details on setting the scan chain property, consult the Vivado Debug and Programming User Guide (UG908).
set_property PROBES.FILE {} [get_hw_devices xc7a35t_0]
set_property FULL_PROBES.FILE {} [get_hw_devices xc7a35t_0]
set_property PROGRAM.FILE {C:/Users/Jun Yi/Documents/Y2S2/EE2026/Project/FDP/FDP.runs/impl_1/Top_Student.bit} [get_hw_devices xc7a35t_0]
program_hw_devices [get_hw_devices xc7a35t_0]
INFO: [Labtools 27-3164] End of startup status: HIGH
refresh_hw_device [lindex [get_hw_devices xc7a35t_0] 0]
INFO: [Labtools 27-1434] Device xc7a35t (JTAG device index = 0) is programmed with a design that has no supported debug core(s) in it.
WARNING: [Labtools 27-3361] The debug hub core was not detected.
Resolution: 
1. Make sure the clock connected to the debug hub (dbg_hub) core is a free running clock and is active.
2. Make sure the BSCAN_SWITCH_USER_MASK device property in Vivado Hardware Manager reflects the user scan chain setting in the design and refresh the device.  To determine the user scan chain setting in the design, open the implemented design and use 'get_property C_USER_SCAN_CHAIN [get_debug_cores dbg_hub]'.
For more details on setting the scan chain property, consult the Vivado Debug and Programming User Guide (UG908).
set_property PROBES.FILE {} [get_hw_devices xc7a35t_0]
set_property FULL_PROBES.FILE {} [get_hw_devices xc7a35t_0]
set_property PROGRAM.FILE {C:/Users/Jun Yi/Documents/Y2S2/EE2026/Project/FDP/FDP.runs/impl_1/Top_Student.bit} [get_hw_devices xc7a35t_0]
program_hw_devices [get_hw_devices xc7a35t_0]
INFO: [Labtools 27-3164] End of startup status: HIGH
refresh_hw_device [lindex [get_hw_devices xc7a35t_0] 0]
INFO: [Labtools 27-1434] Device xc7a35t (JTAG device index = 0) is programmed with a design that has no supported debug core(s) in it.
WARNING: [Labtools 27-3361] The debug hub core was not detected.
Resolution: 
1. Make sure the clock connected to the debug hub (dbg_hub) core is a free running clock and is active.
2. Make sure the BSCAN_SWITCH_USER_MASK device property in Vivado Hardware Manager reflects the user scan chain setting in the design and refresh the device.  To determine the user scan chain setting in the design, open the implemented design and use 'get_property C_USER_SCAN_CHAIN [get_debug_cores dbg_hub]'.
For more details on setting the scan chain property, consult the Vivado Debug and Programming User Guide (UG908).
set_property PROBES.FILE {} [get_hw_devices xc7a35t_0]
set_property FULL_PROBES.FILE {} [get_hw_devices xc7a35t_0]
set_property PROGRAM.FILE {C:/Users/Jun Yi/Documents/Y2S2/EE2026/Project/FDP/FDP.runs/impl_1/Top_Student.bit} [get_hw_devices xc7a35t_0]
program_hw_devices [get_hw_devices xc7a35t_0]
INFO: [Labtools 27-3164] End of startup status: HIGH
refresh_hw_device [lindex [get_hw_devices xc7a35t_0] 0]
INFO: [Labtools 27-1434] Device xc7a35t (JTAG device index = 0) is programmed with a design that has no supported debug core(s) in it.
WARNING: [Labtools 27-3361] The debug hub core was not detected.
Resolution: 
1. Make sure the clock connected to the debug hub (dbg_hub) core is a free running clock and is active.
2. Make sure the BSCAN_SWITCH_USER_MASK device property in Vivado Hardware Manager reflects the user scan chain setting in the design and refresh the device.  To determine the user scan chain setting in the design, open the implemented design and use 'get_property C_USER_SCAN_CHAIN [get_debug_cores dbg_hub]'.
For more details on setting the scan chain property, consult the Vivado Debug and Programming User Guide (UG908).
set_property PROBES.FILE {} [get_hw_devices xc7a35t_0]
set_property FULL_PROBES.FILE {} [get_hw_devices xc7a35t_0]
set_property PROGRAM.FILE {C:/Users/Jun Yi/Documents/Y2S2/EE2026/Project/FDP/FDP.runs/impl_1/Top_Student.bit} [get_hw_devices xc7a35t_0]
program_hw_devices [get_hw_devices xc7a35t_0]
INFO: [Labtools 27-3164] End of startup status: HIGH
refresh_hw_device [lindex [get_hw_devices xc7a35t_0] 0]
INFO: [Labtools 27-1434] Device xc7a35t (JTAG device index = 0) is programmed with a design that has no supported debug core(s) in it.
WARNING: [Labtools 27-3361] The debug hub core was not detected.
Resolution: 
1. Make sure the clock connected to the debug hub (dbg_hub) core is a free running clock and is active.
2. Make sure the BSCAN_SWITCH_USER_MASK device property in Vivado Hardware Manager reflects the user scan chain setting in the design and refresh the device.  To determine the user scan chain setting in the design, open the implemented design and use 'get_property C_USER_SCAN_CHAIN [get_debug_cores dbg_hub]'.
For more details on setting the scan chain property, consult the Vivado Debug and Programming User Guide (UG908).
set_property PROBES.FILE {} [get_hw_devices xc7a35t_0]
set_property FULL_PROBES.FILE {} [get_hw_devices xc7a35t_0]
set_property PROGRAM.FILE {C:/Users/Jun Yi/Documents/Y2S2/EE2026/Project/FDP/FDP.runs/impl_1/Top_Student.bit} [get_hw_devices xc7a35t_0]
program_hw_devices [get_hw_devices xc7a35t_0]
INFO: [Labtools 27-3164] End of startup status: HIGH
refresh_hw_device [lindex [get_hw_devices xc7a35t_0] 0]
INFO: [Labtools 27-1434] Device xc7a35t (JTAG device index = 0) is programmed with a design that has no supported debug core(s) in it.
WARNING: [Labtools 27-3361] The debug hub core was not detected.
Resolution: 
1. Make sure the clock connected to the debug hub (dbg_hub) core is a free running clock and is active.
2. Make sure the BSCAN_SWITCH_USER_MASK device property in Vivado Hardware Manager reflects the user scan chain setting in the design and refresh the device.  To determine the user scan chain setting in the design, open the implemented design and use 'get_property C_USER_SCAN_CHAIN [get_debug_cores dbg_hub]'.
For more details on setting the scan chain property, consult the Vivado Debug and Programming User Guide (UG908).
set_property PROBES.FILE {} [get_hw_devices xc7a35t_0]
set_property FULL_PROBES.FILE {} [get_hw_devices xc7a35t_0]
set_property PROGRAM.FILE {C:/Users/Jun Yi/Documents/Y2S2/EE2026/Project/FDP/FDP.runs/impl_1/Top_Student.bit} [get_hw_devices xc7a35t_0]
program_hw_devices [get_hw_devices xc7a35t_0]
INFO: [Labtools 27-3164] End of startup status: HIGH
refresh_hw_device [lindex [get_hw_devices xc7a35t_0] 0]
INFO: [Labtools 27-1434] Device xc7a35t (JTAG device index = 0) is programmed with a design that has no supported debug core(s) in it.
WARNING: [Labtools 27-3361] The debug hub core was not detected.
Resolution: 
1. Make sure the clock connected to the debug hub (dbg_hub) core is a free running clock and is active.
2. Make sure the BSCAN_SWITCH_USER_MASK device property in Vivado Hardware Manager reflects the user scan chain setting in the design and refresh the device.  To determine the user scan chain setting in the design, open the implemented design and use 'get_property C_USER_SCAN_CHAIN [get_debug_cores dbg_hub]'.
For more details on setting the scan chain property, consult the Vivado Debug and Programming User Guide (UG908).
set_property PROBES.FILE {} [get_hw_devices xc7a35t_0]
set_property FULL_PROBES.FILE {} [get_hw_devices xc7a35t_0]
set_property PROGRAM.FILE {C:/Users/Jun Yi/Documents/Y2S2/EE2026/Project/FDP/FDP.runs/impl_1/Top_Student.bit} [get_hw_devices xc7a35t_0]
program_hw_devices [get_hw_devices xc7a35t_0]
INFO: [Labtools 27-3164] End of startup status: HIGH
refresh_hw_device [lindex [get_hw_devices xc7a35t_0] 0]
INFO: [Labtools 27-1434] Device xc7a35t (JTAG device index = 0) is programmed with a design that has no supported debug core(s) in it.
WARNING: [Labtools 27-3361] The debug hub core was not detected.
Resolution: 
1. Make sure the clock connected to the debug hub (dbg_hub) core is a free running clock and is active.
2. Make sure the BSCAN_SWITCH_USER_MASK device property in Vivado Hardware Manager reflects the user scan chain setting in the design and refresh the device.  To determine the user scan chain setting in the design, open the implemented design and use 'get_property C_USER_SCAN_CHAIN [get_debug_cores dbg_hub]'.
For more details on setting the scan chain property, consult the Vivado Debug and Programming User Guide (UG908).
set_property PROBES.FILE {} [get_hw_devices xc7a35t_0]
set_property FULL_PROBES.FILE {} [get_hw_devices xc7a35t_0]
set_property PROGRAM.FILE {C:/Users/Jun Yi/Documents/Y2S2/EE2026/Project/FDP/FDP.runs/impl_1/Top_Student.bit} [get_hw_devices xc7a35t_0]
program_hw_devices [get_hw_devices xc7a35t_0]
INFO: [Labtools 27-3164] End of startup status: HIGH
refresh_hw_device [lindex [get_hw_devices xc7a35t_0] 0]
INFO: [Labtools 27-1434] Device xc7a35t (JTAG device index = 0) is programmed with a design that has no supported debug core(s) in it.
WARNING: [Labtools 27-3361] The debug hub core was not detected.
Resolution: 
1. Make sure the clock connected to the debug hub (dbg_hub) core is a free running clock and is active.
2. Make sure the BSCAN_SWITCH_USER_MASK device property in Vivado Hardware Manager reflects the user scan chain setting in the design and refresh the device.  To determine the user scan chain setting in the design, open the implemented design and use 'get_property C_USER_SCAN_CHAIN [get_debug_cores dbg_hub]'.
For more details on setting the scan chain property, consult the Vivado Debug and Programming User Guide (UG908).
set_property PROBES.FILE {} [get_hw_devices xc7a35t_0]
set_property FULL_PROBES.FILE {} [get_hw_devices xc7a35t_0]
set_property PROGRAM.FILE {C:/Users/Jun Yi/Documents/Y2S2/EE2026/Project/FDP/FDP.runs/impl_1/Top_Student.bit} [get_hw_devices xc7a35t_0]
program_hw_devices [get_hw_devices xc7a35t_0]
INFO: [Labtools 27-3164] End of startup status: HIGH
refresh_hw_device [lindex [get_hw_devices xc7a35t_0] 0]
INFO: [Labtools 27-1434] Device xc7a35t (JTAG device index = 0) is programmed with a design that has no supported debug core(s) in it.
WARNING: [Labtools 27-3361] The debug hub core was not detected.
Resolution: 
1. Make sure the clock connected to the debug hub (dbg_hub) core is a free running clock and is active.
2. Make sure the BSCAN_SWITCH_USER_MASK device property in Vivado Hardware Manager reflects the user scan chain setting in the design and refresh the device.  To determine the user scan chain setting in the design, open the implemented design and use 'get_property C_USER_SCAN_CHAIN [get_debug_cores dbg_hub]'.
For more details on setting the scan chain property, consult the Vivado Debug and Programming User Guide (UG908).
set_property PROBES.FILE {} [get_hw_devices xc7a35t_0]
set_property FULL_PROBES.FILE {} [get_hw_devices xc7a35t_0]
set_property PROGRAM.FILE {C:/Users/Jun Yi/Documents/Y2S2/EE2026/Project/FDP/FDP.runs/impl_1/Top_Student.bit} [get_hw_devices xc7a35t_0]
program_hw_devices [get_hw_devices xc7a35t_0]
INFO: [Labtools 27-3164] End of startup status: HIGH
refresh_hw_device [lindex [get_hw_devices xc7a35t_0] 0]
INFO: [Labtools 27-1434] Device xc7a35t (JTAG device index = 0) is programmed with a design that has no supported debug core(s) in it.
WARNING: [Labtools 27-3361] The debug hub core was not detected.
Resolution: 
1. Make sure the clock connected to the debug hub (dbg_hub) core is a free running clock and is active.
2. Make sure the BSCAN_SWITCH_USER_MASK device property in Vivado Hardware Manager reflects the user scan chain setting in the design and refresh the device.  To determine the user scan chain setting in the design, open the implemented design and use 'get_property C_USER_SCAN_CHAIN [get_debug_cores dbg_hub]'.
For more details on setting the scan chain property, consult the Vivado Debug and Programming User Guide (UG908).
set_property PROBES.FILE {} [get_hw_devices xc7a35t_0]
set_property FULL_PROBES.FILE {} [get_hw_devices xc7a35t_0]
set_property PROGRAM.FILE {C:/Users/Jun Yi/Documents/Y2S2/EE2026/Project/FDP/FDP.runs/impl_1/Top_Student.bit} [get_hw_devices xc7a35t_0]
program_hw_devices [get_hw_devices xc7a35t_0]
INFO: [Labtools 27-3164] End of startup status: HIGH
refresh_hw_device [lindex [get_hw_devices xc7a35t_0] 0]
INFO: [Labtools 27-1434] Device xc7a35t (JTAG device index = 0) is programmed with a design that has no supported debug core(s) in it.
WARNING: [Labtools 27-3361] The debug hub core was not detected.
Resolution: 
1. Make sure the clock connected to the debug hub (dbg_hub) core is a free running clock and is active.
2. Make sure the BSCAN_SWITCH_USER_MASK device property in Vivado Hardware Manager reflects the user scan chain setting in the design and refresh the device.  To determine the user scan chain setting in the design, open the implemented design and use 'get_property C_USER_SCAN_CHAIN [get_debug_cores dbg_hub]'.
For more details on setting the scan chain property, consult the Vivado Debug and Programming User Guide (UG908).
set_property PROBES.FILE {} [get_hw_devices xc7a35t_0]
set_property FULL_PROBES.FILE {} [get_hw_devices xc7a35t_0]
set_property PROGRAM.FILE {C:/Users/Jun Yi/Documents/Y2S2/EE2026/Project/FDP/FDP.runs/impl_1/Top_Student.bit} [get_hw_devices xc7a35t_0]
program_hw_devices [get_hw_devices xc7a35t_0]
INFO: [Labtools 27-3164] End of startup status: HIGH
refresh_hw_device [lindex [get_hw_devices xc7a35t_0] 0]
INFO: [Labtools 27-1434] Device xc7a35t (JTAG device index = 0) is programmed with a design that has no supported debug core(s) in it.
WARNING: [Labtools 27-3361] The debug hub core was not detected.
Resolution: 
1. Make sure the clock connected to the debug hub (dbg_hub) core is a free running clock and is active.
2. Make sure the BSCAN_SWITCH_USER_MASK device property in Vivado Hardware Manager reflects the user scan chain setting in the design and refresh the device.  To determine the user scan chain setting in the design, open the implemented design and use 'get_property C_USER_SCAN_CHAIN [get_debug_cores dbg_hub]'.
For more details on setting the scan chain property, consult the Vivado Debug and Programming User Guide (UG908).
set_property PROBES.FILE {} [get_hw_devices xc7a35t_0]
set_property FULL_PROBES.FILE {} [get_hw_devices xc7a35t_0]
set_property PROGRAM.FILE {C:/Users/Jun Yi/Documents/Y2S2/EE2026/Project/FDP/FDP.runs/impl_1/Top_Student.bit} [get_hw_devices xc7a35t_0]
program_hw_devices [get_hw_devices xc7a35t_0]
INFO: [Labtools 27-3164] End of startup status: HIGH
refresh_hw_device [lindex [get_hw_devices xc7a35t_0] 0]
INFO: [Labtools 27-1434] Device xc7a35t (JTAG device index = 0) is programmed with a design that has no supported debug core(s) in it.
WARNING: [Labtools 27-3361] The debug hub core was not detected.
Resolution: 
1. Make sure the clock connected to the debug hub (dbg_hub) core is a free running clock and is active.
2. Make sure the BSCAN_SWITCH_USER_MASK device property in Vivado Hardware Manager reflects the user scan chain setting in the design and refresh the device.  To determine the user scan chain setting in the design, open the implemented design and use 'get_property C_USER_SCAN_CHAIN [get_debug_cores dbg_hub]'.
For more details on setting the scan chain property, consult the Vivado Debug and Programming User Guide (UG908).
set_property PROBES.FILE {} [get_hw_devices xc7a35t_0]
set_property FULL_PROBES.FILE {} [get_hw_devices xc7a35t_0]
set_property PROGRAM.FILE {C:/Users/Jun Yi/Documents/Y2S2/EE2026/Project/FDP/FDP.runs/impl_1/Top_Student.bit} [get_hw_devices xc7a35t_0]
program_hw_devices [get_hw_devices xc7a35t_0]
INFO: [Labtools 27-3164] End of startup status: HIGH
refresh_hw_device [lindex [get_hw_devices xc7a35t_0] 0]
INFO: [Labtools 27-1434] Device xc7a35t (JTAG device index = 0) is programmed with a design that has no supported debug core(s) in it.
WARNING: [Labtools 27-3361] The debug hub core was not detected.
Resolution: 
1. Make sure the clock connected to the debug hub (dbg_hub) core is a free running clock and is active.
2. Make sure the BSCAN_SWITCH_USER_MASK device property in Vivado Hardware Manager reflects the user scan chain setting in the design and refresh the device.  To determine the user scan chain setting in the design, open the implemented design and use 'get_property C_USER_SCAN_CHAIN [get_debug_cores dbg_hub]'.
For more details on setting the scan chain property, consult the Vivado Debug and Programming User Guide (UG908).
set_property PROBES.FILE {} [get_hw_devices xc7a35t_0]
set_property FULL_PROBES.FILE {} [get_hw_devices xc7a35t_0]
set_property PROGRAM.FILE {C:/Users/Jun Yi/Documents/Y2S2/EE2026/Project/FDP/FDP.runs/impl_1/Top_Student.bit} [get_hw_devices xc7a35t_0]
program_hw_devices [get_hw_devices xc7a35t_0]
INFO: [Labtools 27-3164] End of startup status: HIGH
refresh_hw_device [lindex [get_hw_devices xc7a35t_0] 0]
INFO: [Labtools 27-1434] Device xc7a35t (JTAG device index = 0) is programmed with a design that has no supported debug core(s) in it.
WARNING: [Labtools 27-3361] The debug hub core was not detected.
Resolution: 
1. Make sure the clock connected to the debug hub (dbg_hub) core is a free running clock and is active.
2. Make sure the BSCAN_SWITCH_USER_MASK device property in Vivado Hardware Manager reflects the user scan chain setting in the design and refresh the device.  To determine the user scan chain setting in the design, open the implemented design and use 'get_property C_USER_SCAN_CHAIN [get_debug_cores dbg_hub]'.
For more details on setting the scan chain property, consult the Vivado Debug and Programming User Guide (UG908).
set_property PROBES.FILE {} [get_hw_devices xc7a35t_0]
set_property FULL_PROBES.FILE {} [get_hw_devices xc7a35t_0]
set_property PROGRAM.FILE {C:/Users/Jun Yi/Documents/Y2S2/EE2026/Project/FDP/FDP.runs/impl_1/Top_Student.bit} [get_hw_devices xc7a35t_0]
program_hw_devices [get_hw_devices xc7a35t_0]
INFO: [Labtools 27-3164] End of startup status: HIGH
refresh_hw_device [lindex [get_hw_devices xc7a35t_0] 0]
INFO: [Labtools 27-1434] Device xc7a35t (JTAG device index = 0) is programmed with a design that has no supported debug core(s) in it.
WARNING: [Labtools 27-3361] The debug hub core was not detected.
Resolution: 
1. Make sure the clock connected to the debug hub (dbg_hub) core is a free running clock and is active.
2. Make sure the BSCAN_SWITCH_USER_MASK device property in Vivado Hardware Manager reflects the user scan chain setting in the design and refresh the device.  To determine the user scan chain setting in the design, open the implemented design and use 'get_property C_USER_SCAN_CHAIN [get_debug_cores dbg_hub]'.
For more details on setting the scan chain property, consult the Vivado Debug and Programming User Guide (UG908).
ERROR: [Labtoolstcl 44-513] HW Target shutdown. Closing target: localhost:3121/xilinx_tcf/Digilent/210183BD4B47A
close [ open {C:/Users/Jun Yi/Documents/Y2S2/EE2026/Project/FDP/FDP.srcs/sources_1/new/top_timer.v} w ]
add_files {{C:/Users/Jun Yi/Documents/Y2S2/EE2026/Project/FDP/FDP.srcs/sources_1/new/top_timer.v}}
update_compile_order -fileset sources_1
update_compile_order -fileset sources_1
reset_run synth_1
launch_runs impl_1 -to_step write_bitstream -jobs 16
[Mon Mar 16 20:48:14 2026] Launched synth_1...
Run output will be captured here: C:/Users/Jun Yi/Documents/Y2S2/EE2026/Project/FDP/FDP.runs/synth_1/runme.log
[Mon Mar 16 20:48:14 2026] Launched impl_1...
Run output will be captured here: C:/Users/Jun Yi/Documents/Y2S2/EE2026/Project/FDP/FDP.runs/impl_1/runme.log
reset_run synth_1
launch_runs impl_1 -to_step write_bitstream -jobs 16
[Mon Mar 16 20:49:31 2026] Launched synth_1...
Run output will be captured here: C:/Users/Jun Yi/Documents/Y2S2/EE2026/Project/FDP/FDP.runs/synth_1/runme.log
[Mon Mar 16 20:49:31 2026] Launched impl_1...
Run output will be captured here: C:/Users/Jun Yi/Documents/Y2S2/EE2026/Project/FDP/FDP.runs/impl_1/runme.log
reset_run synth_1
launch_runs impl_1 -to_step write_bitstream -jobs 16
[Mon Mar 16 20:50:10 2026] Launched synth_1...
Run output will be captured here: C:/Users/Jun Yi/Documents/Y2S2/EE2026/Project/FDP/FDP.runs/synth_1/runme.log
[Mon Mar 16 20:50:10 2026] Launched impl_1...
Run output will be captured here: C:/Users/Jun Yi/Documents/Y2S2/EE2026/Project/FDP/FDP.runs/impl_1/runme.log
disconnect_hw_server localhost:3121
connect_hw_server
INFO: [Labtools 27-2285] Connecting to hw_server url TCP:localhost:3121
open_hw_target
INFO: [Labtoolstcl 44-466] Opening hw_target localhost:3121/xilinx_tcf/Digilent/210183BD4B47A
set_property PROGRAM.FILE {C:/Users/Jun Yi/Documents/Y2S2/EE2026/Project/FDP/FDP.runs/impl_1/Top_Student.bit} [get_hw_devices xc7a35t_0]
current_hw_device [get_hw_devices xc7a35t_0]
refresh_hw_device -update_hw_probes false [lindex [get_hw_devices xc7a35t_0] 0]
INFO: [Labtools 27-1434] Device xc7a35t (JTAG device index = 0) is programmed with a design that has no supported debug core(s) in it.
WARNING: [Labtools 27-3361] The debug hub core was not detected.
Resolution: 
1. Make sure the clock connected to the debug hub (dbg_hub) core is a free running clock and is active.
2. Make sure the BSCAN_SWITCH_USER_MASK device property in Vivado Hardware Manager reflects the user scan chain setting in the design and refresh the device.  To determine the user scan chain setting in the design, open the implemented design and use 'get_property C_USER_SCAN_CHAIN [get_debug_cores dbg_hub]'.
For more details on setting the scan chain property, consult the Vivado Debug and Programming User Guide (UG908).
set_property PROBES.FILE {} [get_hw_devices xc7a35t_0]
set_property FULL_PROBES.FILE {} [get_hw_devices xc7a35t_0]
set_property PROGRAM.FILE {C:/Users/Jun Yi/Documents/Y2S2/EE2026/Project/FDP/FDP.runs/impl_1/Top_Student.bit} [get_hw_devices xc7a35t_0]
program_hw_devices [get_hw_devices xc7a35t_0]
INFO: [Labtools 27-3164] End of startup status: HIGH
refresh_hw_device [lindex [get_hw_devices xc7a35t_0] 0]
INFO: [Labtools 27-1434] Device xc7a35t (JTAG device index = 0) is programmed with a design that has no supported debug core(s) in it.
WARNING: [Labtools 27-3361] The debug hub core was not detected.
Resolution: 
1. Make sure the clock connected to the debug hub (dbg_hub) core is a free running clock and is active.
2. Make sure the BSCAN_SWITCH_USER_MASK device property in Vivado Hardware Manager reflects the user scan chain setting in the design and refresh the device.  To determine the user scan chain setting in the design, open the implemented design and use 'get_property C_USER_SCAN_CHAIN [get_debug_cores dbg_hub]'.
For more details on setting the scan chain property, consult the Vivado Debug and Programming User Guide (UG908).
ERROR: [Labtoolstcl 44-513] HW Target shutdown. Closing target: localhost:3121/xilinx_tcf/Digilent/210183BD4B47A
reset_run synth_1
launch_runs impl_1 -to_step write_bitstream -jobs 16
[Mon Mar 16 21:00:50 2026] Launched synth_1...
Run output will be captured here: C:/Users/Jun Yi/Documents/Y2S2/EE2026/Project/FDP/FDP.runs/synth_1/runme.log
[Mon Mar 16 21:00:50 2026] Launched impl_1...
Run output will be captured here: C:/Users/Jun Yi/Documents/Y2S2/EE2026/Project/FDP/FDP.runs/impl_1/runme.log
INFO: [Labtoolstcl 44-466] Opening hw_target localhost:3121/xilinx_tcf/Digilent/210183BD4B47A
INFO: [Labtools 27-1434] Device xc7a35t (JTAG device index = 0) is programmed with a design that has no supported debug core(s) in it.
WARNING: [Labtools 27-3361] The debug hub core was not detected.
Resolution: 
1. Make sure the clock connected to the debug hub (dbg_hub) core is a free running clock and is active.
2. Make sure the BSCAN_SWITCH_USER_MASK device property in Vivado Hardware Manager reflects the user scan chain setting in the design and refresh the device.  To determine the user scan chain setting in the design, open the implemented design and use 'get_property C_USER_SCAN_CHAIN [get_debug_cores dbg_hub]'.
For more details on setting the scan chain property, consult the Vivado Debug and Programming User Guide (UG908).
WARNING: [Labtoolstcl 44-129] No matching hw_ila_data was found.
set_property PROBES.FILE {} [get_hw_devices xc7a35t_0]
set_property FULL_PROBES.FILE {} [get_hw_devices xc7a35t_0]
set_property PROGRAM.FILE {C:/Users/Jun Yi/Documents/Y2S2/EE2026/Project/FDP/FDP.runs/impl_1/Top_Student.bit} [get_hw_devices xc7a35t_0]
program_hw_devices [get_hw_devices xc7a35t_0]
INFO: [Labtools 27-3164] End of startup status: HIGH
refresh_hw_device [lindex [get_hw_devices xc7a35t_0] 0]
INFO: [Labtools 27-1434] Device xc7a35t (JTAG device index = 0) is programmed with a design that has no supported debug core(s) in it.
WARNING: [Labtools 27-3361] The debug hub core was not detected.
Resolution: 
1. Make sure the clock connected to the debug hub (dbg_hub) core is a free running clock and is active.
2. Make sure the BSCAN_SWITCH_USER_MASK device property in Vivado Hardware Manager reflects the user scan chain setting in the design and refresh the device.  To determine the user scan chain setting in the design, open the implemented design and use 'get_property C_USER_SCAN_CHAIN [get_debug_cores dbg_hub]'.
For more details on setting the scan chain property, consult the Vivado Debug and Programming User Guide (UG908).
close [ open {C:/Users/Jun Yi/Documents/Y2S2/EE2026/Project/FDP/FDP.srcs/sources_1/new/exploded_screen.v} w ]
add_files {{C:/Users/Jun Yi/Documents/Y2S2/EE2026/Project/FDP/FDP.srcs/sources_1/new/exploded_screen.v}}
update_compile_order -fileset sources_1
update_compile_order -fileset sources_1
reset_run synth_1
launch_runs impl_1 -to_step write_bitstream -jobs 16
[Mon Mar 16 21:12:17 2026] Launched synth_1...
Run output will be captured here: C:/Users/Jun Yi/Documents/Y2S2/EE2026/Project/FDP/FDP.runs/synth_1/runme.log
[Mon Mar 16 21:12:17 2026] Launched impl_1...
Run output will be captured here: C:/Users/Jun Yi/Documents/Y2S2/EE2026/Project/FDP/FDP.runs/impl_1/runme.log
reset_run synth_1
launch_runs impl_1 -to_step write_bitstream -jobs 16
[Mon Mar 16 21:16:58 2026] Launched synth_1...
Run output will be captured here: C:/Users/Jun Yi/Documents/Y2S2/EE2026/Project/FDP/FDP.runs/synth_1/runme.log
[Mon Mar 16 21:16:58 2026] Launched impl_1...
Run output will be captured here: C:/Users/Jun Yi/Documents/Y2S2/EE2026/Project/FDP/FDP.runs/impl_1/runme.log
reset_run synth_1
launch_runs impl_1 -to_step write_bitstream -jobs 16
[Mon Mar 16 21:20:58 2026] Launched synth_1...
Run output will be captured here: C:/Users/Jun Yi/Documents/Y2S2/EE2026/Project/FDP/FDP.runs/synth_1/runme.log
[Mon Mar 16 21:20:58 2026] Launched impl_1...
Run output will be captured here: C:/Users/Jun Yi/Documents/Y2S2/EE2026/Project/FDP/FDP.runs/impl_1/runme.log
set_property PROBES.FILE {} [get_hw_devices xc7a35t_0]
set_property FULL_PROBES.FILE {} [get_hw_devices xc7a35t_0]
set_property PROGRAM.FILE {C:/Users/Jun Yi/Documents/Y2S2/EE2026/Project/FDP/FDP.runs/impl_1/Top_Student.bit} [get_hw_devices xc7a35t_0]
program_hw_devices [get_hw_devices xc7a35t_0]
INFO: [Labtools 27-3164] End of startup status: HIGH
refresh_hw_device [lindex [get_hw_devices xc7a35t_0] 0]
INFO: [Labtools 27-1434] Device xc7a35t (JTAG device index = 0) is programmed with a design that has no supported debug core(s) in it.
WARNING: [Labtools 27-3361] The debug hub core was not detected.
Resolution: 
1. Make sure the clock connected to the debug hub (dbg_hub) core is a free running clock and is active.
2. Make sure the BSCAN_SWITCH_USER_MASK device property in Vivado Hardware Manager reflects the user scan chain setting in the design and refresh the device.  To determine the user scan chain setting in the design, open the implemented design and use 'get_property C_USER_SCAN_CHAIN [get_debug_cores dbg_hub]'.
For more details on setting the scan chain property, consult the Vivado Debug and Programming User Guide (UG908).
set_property PROBES.FILE {} [get_hw_devices xc7a35t_0]
set_property FULL_PROBES.FILE {} [get_hw_devices xc7a35t_0]
set_property PROGRAM.FILE {C:/Users/Jun Yi/Documents/Y2S2/EE2026/Project/FDP/FDP.runs/impl_1/Top_Student.bit} [get_hw_devices xc7a35t_0]
program_hw_devices [get_hw_devices xc7a35t_0]
INFO: [Labtools 27-3164] End of startup status: HIGH
refresh_hw_device [lindex [get_hw_devices xc7a35t_0] 0]
INFO: [Labtools 27-1434] Device xc7a35t (JTAG device index = 0) is programmed with a design that has no supported debug core(s) in it.
WARNING: [Labtools 27-3361] The debug hub core was not detected.
Resolution: 
1. Make sure the clock connected to the debug hub (dbg_hub) core is a free running clock and is active.
2. Make sure the BSCAN_SWITCH_USER_MASK device property in Vivado Hardware Manager reflects the user scan chain setting in the design and refresh the device.  To determine the user scan chain setting in the design, open the implemented design and use 'get_property C_USER_SCAN_CHAIN [get_debug_cores dbg_hub]'.
For more details on setting the scan chain property, consult the Vivado Debug and Programming User Guide (UG908).
reset_run synth_1
launch_runs impl_1 -to_step write_bitstream -jobs 16
[Mon Mar 16 21:29:41 2026] Launched synth_1...
Run output will be captured here: C:/Users/Jun Yi/Documents/Y2S2/EE2026/Project/FDP/FDP.runs/synth_1/runme.log
[Mon Mar 16 21:29:42 2026] Launched impl_1...
Run output will be captured here: C:/Users/Jun Yi/Documents/Y2S2/EE2026/Project/FDP/FDP.runs/impl_1/runme.log
reset_run synth_1
launch_runs impl_1 -to_step write_bitstream -jobs 16
[Mon Mar 16 21:30:10 2026] Launched synth_1...
Run output will be captured here: C:/Users/Jun Yi/Documents/Y2S2/EE2026/Project/FDP/FDP.runs/synth_1/runme.log
[Mon Mar 16 21:30:10 2026] Launched impl_1...
Run output will be captured here: C:/Users/Jun Yi/Documents/Y2S2/EE2026/Project/FDP/FDP.runs/impl_1/runme.log
set_property PROBES.FILE {} [get_hw_devices xc7a35t_0]
set_property FULL_PROBES.FILE {} [get_hw_devices xc7a35t_0]
set_property PROGRAM.FILE {C:/Users/Jun Yi/Documents/Y2S2/EE2026/Project/FDP/FDP.runs/impl_1/Top_Student.bit} [get_hw_devices xc7a35t_0]
program_hw_devices [get_hw_devices xc7a35t_0]
INFO: [Labtools 27-3164] End of startup status: HIGH
refresh_hw_device [lindex [get_hw_devices xc7a35t_0] 0]
INFO: [Labtools 27-1434] Device xc7a35t (JTAG device index = 0) is programmed with a design that has no supported debug core(s) in it.
WARNING: [Labtools 27-3361] The debug hub core was not detected.
Resolution: 
1. Make sure the clock connected to the debug hub (dbg_hub) core is a free running clock and is active.
2. Make sure the BSCAN_SWITCH_USER_MASK device property in Vivado Hardware Manager reflects the user scan chain setting in the design and refresh the device.  To determine the user scan chain setting in the design, open the implemented design and use 'get_property C_USER_SCAN_CHAIN [get_debug_cores dbg_hub]'.
For more details on setting the scan chain property, consult the Vivado Debug and Programming User Guide (UG908).
reset_run synth_1
launch_runs impl_1 -to_step write_bitstream -jobs 16
[Mon Mar 16 21:35:37 2026] Launched synth_1...
Run output will be captured here: C:/Users/Jun Yi/Documents/Y2S2/EE2026/Project/FDP/FDP.runs/synth_1/runme.log
[Mon Mar 16 21:35:37 2026] Launched impl_1...
Run output will be captured here: C:/Users/Jun Yi/Documents/Y2S2/EE2026/Project/FDP/FDP.runs/impl_1/runme.log
reset_run synth_1
launch_runs impl_1 -to_step write_bitstream -jobs 16
[Mon Mar 16 21:38:15 2026] Launched synth_1...
Run output will be captured here: C:/Users/Jun Yi/Documents/Y2S2/EE2026/Project/FDP/FDP.runs/synth_1/runme.log
[Mon Mar 16 21:38:15 2026] Launched impl_1...
Run output will be captured here: C:/Users/Jun Yi/Documents/Y2S2/EE2026/Project/FDP/FDP.runs/impl_1/runme.log
set_property PROBES.FILE {} [get_hw_devices xc7a35t_0]
set_property FULL_PROBES.FILE {} [get_hw_devices xc7a35t_0]
set_property PROGRAM.FILE {C:/Users/Jun Yi/Documents/Y2S2/EE2026/Project/FDP/FDP.runs/impl_1/Top_Student.bit} [get_hw_devices xc7a35t_0]
program_hw_devices [get_hw_devices xc7a35t_0]
INFO: [Labtools 27-3164] End of startup status: HIGH
refresh_hw_device [lindex [get_hw_devices xc7a35t_0] 0]
INFO: [Labtools 27-1434] Device xc7a35t (JTAG device index = 0) is programmed with a design that has no supported debug core(s) in it.
WARNING: [Labtools 27-3361] The debug hub core was not detected.
Resolution: 
1. Make sure the clock connected to the debug hub (dbg_hub) core is a free running clock and is active.
2. Make sure the BSCAN_SWITCH_USER_MASK device property in Vivado Hardware Manager reflects the user scan chain setting in the design and refresh the device.  To determine the user scan chain setting in the design, open the implemented design and use 'get_property C_USER_SCAN_CHAIN [get_debug_cores dbg_hub]'.
For more details on setting the scan chain property, consult the Vivado Debug and Programming User Guide (UG908).
archive_project {C:/Users/Jun Yi/Downloads/FDP.xpr.zip} -temp_dir {C:/Users/Jun Yi/Documents/Y2S2/EE2026/Project/FDP/.Xil/Vivado-11632-DESKTOP-UA3OGHR} -force -include_local_ip_cache -include_config_settings
INFO: [Coretcl 2-137] starting archive...
INFO: [Coretcl 2-1499] Saving project copy to temporary location 'C:/Users/Jun Yi/Documents/Y2S2/EE2026/Project/FDP/.Xil/Vivado-11632-DESKTOP-UA3OGHR' for archiving project
Scanning sources...
Finished scanning sources
INFO: [IP_Flow 19-234] Refreshing IP repositories
INFO: [IP_Flow 19-1704] No user IP repositories specified
INFO: [IP_Flow 19-2313] Loaded Vivado IP repository 'C:/Xilinx/Vivado/2018.2/data/ip'.
WARNING: [IP_Flow 19-3664] IP 'blk_mem_gen_const' generated file not found 'c:/Users/Jun Yi/Documents/Y2S2/EE2026/Project/FDP/FDP.srcs/sources_1/ip/blk_mem_gen_const/blk_mem_gen_const.dcp'. Please regenerate to continue.
WARNING: [IP_Flow 19-3664] IP 'blk_mem_gen_const' generated file not found 'c:/Users/Jun Yi/Documents/Y2S2/EE2026/Project/FDP/FDP.srcs/sources_1/ip/blk_mem_gen_const/blk_mem_gen_const_stub.v'. Please regenerate to continue.
WARNING: [IP_Flow 19-3664] IP 'blk_mem_gen_const' generated file not found 'c:/Users/Jun Yi/Documents/Y2S2/EE2026/Project/FDP/FDP.srcs/sources_1/ip/blk_mem_gen_const/blk_mem_gen_const_stub.vhdl'. Please regenerate to continue.
WARNING: [IP_Flow 19-3664] IP 'blk_mem_gen_const' generated file not found 'c:/Users/Jun Yi/Documents/Y2S2/EE2026/Project/FDP/FDP.srcs/sources_1/ip/blk_mem_gen_const/blk_mem_gen_const_sim_netlist.v'. Please regenerate to continue.
WARNING: [IP_Flow 19-3664] IP 'blk_mem_gen_const' generated file not found 'c:/Users/Jun Yi/Documents/Y2S2/EE2026/Project/FDP/FDP.srcs/sources_1/ip/blk_mem_gen_const/blk_mem_gen_const_sim_netlist.vhdl'. Please regenerate to continue.
INFO: [Coretcl 2-1211] Creating project copy for archival...
INFO: [ProjectBase 1-495] The host OS only allows 260 characters in a normal path. The project is stored in a path with more than 80 characters. If you experience any problem with archiving the project, please consider setting environment variable $TEMP to a shorter path.
Current project path is 'C:/Users/Jun Yi/Documents/Y2S2/EE2026/Project/FDP/.Xil/Vivado-11632-DESKTOP-UA3OGHR/PrjAr/_X_'.
CRITICAL WARNING: [IP_Flow 19-4299] Failed to copy 'c:/Users/Jun Yi/Documents/Y2S2/EE2026/Project/FDP/FDP.srcs/sources_1/ip/blk_mem_gen_const/blk_mem_gen_const.dcp' to 'c:/Users/Jun Yi/Documents/Y2S2/EE2026/Project/FDP/.Xil/Vivado-11632-DESKTOP-UA3OGHR/PrjAr/_X_/FDP.srcs/sources_1/ip/blk_mem_gen_const/blk_mem_gen_const.dcp'
CRITICAL WARNING: [IP_Flow 19-4299] Failed to copy 'c:/Users/Jun Yi/Documents/Y2S2/EE2026/Project/FDP/FDP.srcs/sources_1/ip/blk_mem_gen_const/blk_mem_gen_const_stub.v' to 'c:/Users/Jun Yi/Documents/Y2S2/EE2026/Project/FDP/.Xil/Vivado-11632-DESKTOP-UA3OGHR/PrjAr/_X_/FDP.srcs/sources_1/ip/blk_mem_gen_const/blk_mem_gen_const_stub.v'
CRITICAL WARNING: [IP_Flow 19-4299] Failed to copy 'c:/Users/Jun Yi/Documents/Y2S2/EE2026/Project/FDP/FDP.srcs/sources_1/ip/blk_mem_gen_const/blk_mem_gen_const_stub.vhdl' to 'c:/Users/Jun Yi/Documents/Y2S2/EE2026/Project/FDP/.Xil/Vivado-11632-DESKTOP-UA3OGHR/PrjAr/_X_/FDP.srcs/sources_1/ip/blk_mem_gen_const/blk_mem_gen_const_stub.vhdl'
CRITICAL WARNING: [IP_Flow 19-4299] Failed to copy 'c:/Users/Jun Yi/Documents/Y2S2/EE2026/Project/FDP/FDP.srcs/sources_1/ip/blk_mem_gen_const/blk_mem_gen_const_sim_netlist.v' to 'c:/Users/Jun Yi/Documents/Y2S2/EE2026/Project/FDP/.Xil/Vivado-11632-DESKTOP-UA3OGHR/PrjAr/_X_/FDP.srcs/sources_1/ip/blk_mem_gen_const/blk_mem_gen_const_sim_netlist.v'
CRITICAL WARNING: [IP_Flow 19-4299] Failed to copy 'c:/Users/Jun Yi/Documents/Y2S2/EE2026/Project/FDP/FDP.srcs/sources_1/ip/blk_mem_gen_const/blk_mem_gen_const_sim_netlist.vhdl' to 'c:/Users/Jun Yi/Documents/Y2S2/EE2026/Project/FDP/.Xil/Vivado-11632-DESKTOP-UA3OGHR/PrjAr/_X_/FDP.srcs/sources_1/ip/blk_mem_gen_const/blk_mem_gen_const_sim_netlist.vhdl'
INFO: [Coretcl 2-1213] Including run results for 'synth_1'
INFO: [Coretcl 2-1213] Including run results for 'blk_mem_gen_const_synth_1'
INFO: [Coretcl 2-1213] Including run results for 'blk_mem_gen_img_synth_1'
INFO: [Coretcl 2-1213] Including run results for 'impl_1'
INFO: [Coretcl 2-133] re-setting run 'blk_mem_gen_const_impl_1'...
INFO: [Coretcl 2-133] re-setting run 'blk_mem_gen_img_impl_1'...
INFO: [Coretcl 2-1212] Importing remotely added design sources and verilog include files (if any)...
INFO: [filemgmt 20-334] All file(s) are already imported in fileset: 'blk_mem_gen_const'
INFO: [filemgmt 20-348] Importing the appropriate files for fileset: 'blk_mem_gen_const'
INFO: [filemgmt 20-334] All file(s) are already imported in fileset: 'blk_mem_gen_img'
INFO: [filemgmt 20-348] Importing the appropriate files for fileset: 'blk_mem_gen_img'
INFO: [filemgmt 20-348] Importing the appropriate files for fileset: 'constrs_1'
INFO: [filemgmt 20-348] Importing the appropriate files for fileset: 'sources_1'
INFO: [Coretcl 2-1209] Adding archive summary file to the project...
INFO: [Coretcl 2-1214] Preparing project files for archive...
INFO: [Coretcl 2-1210] Compressing project files and data...
INFO: [Coretcl 2-1215] Project archived (C:/Users/Jun Yi/Downloads/FDP.xpr.zip)
INFO: [Coretcl 2-1216] To view the archive summary log in GUI, double click on 'Design Sources->Text->archive_project_summary.txt', or open this file from the archived project directory.
archive_project: Time (s): cpu = 00:00:06 ; elapsed = 00:00:10 . Memory (MB): peak = 1678.691 ; gain = 28.168
ERROR: [Labtoolstcl 44-513] HW Target shutdown. Closing target: localhost:3121/xilinx_tcf/Digilent/210183BD4B47A
exit
INFO: [Common 17-206] Exiting Vivado at Tue Mar 17 08:54:38 2026...
