Copyright 1986-2018 Xilinx, Inc. All Rights Reserved.
----------------------------------------------------------------------------------------
| Tool Version : Vivado v.2018.2 (win64) Build 2258646 Thu Jun 14 20:03:12 MDT 2018
| Date         : Mon Mar 16 21:40:37 2026
| Host         : DESKTOP-UA3OGHR running 64-bit major release  (build 9200)
| Command      : report_control_sets -verbose -file Top_Student_control_sets_placed.rpt
| Design       : Top_Student
| Device       : xc7a35t
----------------------------------------------------------------------------------------

Control Set Information

Table of Contents
-----------------
1. Summary
2. Histogram
3. Flip-Flop Distribution
4. Detailed Control Set Information

1. Summary
----------

+----------------------------------------------------------+-------+
|                          Status                          | Count |
+----------------------------------------------------------+-------+
| Number of unique control sets                            |    21 |
| Unused register locations in slices containing registers |    46 |
+----------------------------------------------------------+-------+


2. Histogram
------------

+--------+--------------+
| Fanout | Control Sets |
+--------+--------------+
|      4 |            2 |
|      6 |            1 |
|      8 |            7 |
|     10 |            1 |
|    16+ |           10 |
+--------+--------------+


3. Flip-Flop Distribution
-------------------------

+--------------+-----------------------+------------------------+-----------------+--------------+
| Clock Enable | Synchronous Set/Reset | Asynchronous Set/Reset | Total Registers | Total Slices |
+--------------+-----------------------+------------------------+-----------------+--------------+
| No           | No                    | No                     |             110 |           34 |
| No           | No                    | Yes                    |               0 |            0 |
| No           | Yes                   | No                     |             216 |           48 |
| Yes          | No                    | No                     |             136 |           20 |
| Yes          | No                    | Yes                    |               0 |            0 |
| Yes          | Yes                   | No                     |             172 |           24 |
+--------------+-----------------------+------------------------+-----------------+--------------+


4. Detailed Control Set Information
-----------------------------------

+----------------+-----------------------------+-----------------------------------+------------------+----------------+
|  Clock Signal  |        Enable Signal        |          Set/Reset Signal         | Slice Load Count | Bel Load Count |
+----------------+-----------------------------+-----------------------------------+------------------+----------------+
|  screen1/E[0]  |                             | timer/blast_duration_reg[25]_0    |                1 |              4 |
| ~clk6p25m_BUFG |                             |                                   |                2 |              4 |
|  clk_IBUF_BUFG |                             | clk_count[2]_i_1_n_0              |                1 |              6 |
|  clk_IBUF_BUFG |                             | JB_OLED/oled_data1                |                4 |              8 |
|  clk_IBUF_BUFG |                             | JB_OLED/oled_data_reg[1]          |                4 |              8 |
|  clk_IBUF_BUFG |                             | JB_OLED/oled_data_reg[3]          |                3 |              8 |
|  clk_IBUF_BUFG | timer/m1                    |                                   |                1 |              8 |
|  clk_IBUF_BUFG | timer/m0                    |                                   |                2 |              8 |
|  clk_IBUF_BUFG | timer/s0[3]_i_1_n_0         |                                   |                2 |              8 |
|  clk_IBUF_BUFG | timer/speaker_reg_i_1_n_0   |                                   |                2 |              8 |
|  clk_IBUF_BUFG |                             | JB_OLED/oled_data_reg[2]          |                4 |             10 |
|  clk_IBUF_BUFG | timer/audio_timer_1         | timer/audio_timer[14]_i_1_n_0     |                5 |             30 |
| ~clk6p25m_BUFG |                             | JB_OLED/frame_counter[16]_i_1_n_0 |                4 |             32 |
|  clk_IBUF_BUFG | timer/rumble_div[0]_i_2_n_0 | timer/rumble_div[0]_i_1_n_0       |                5 |             36 |
| ~clk6p25m_BUFG | JB_OLED/delay[0]_i_1_n_0    |                                   |                5 |             40 |
|  clk_IBUF_BUFG |                             | screen1/clk2hz                    |                7 |             50 |
|  clk_IBUF_BUFG | timer/blast_duration        | timer/blast_done7_out             |                7 |             52 |
|  clk_IBUF_BUFG | screen1/clk_div_reg[26]     | timer/s0[3]_i_1_n_0               |                7 |             54 |
| ~clk6p25m_BUFG | JB_OLED/state               |                                   |                8 |             64 |
| ~clk6p25m_BUFG |                             | JB_OLED/spi_word[39]_i_1_n_0      |               20 |             90 |
|  clk_IBUF_BUFG |                             |                                   |               33 |            108 |
+----------------+-----------------------------+-----------------------------------+------------------+----------------+


